node.exe : ts-jest[ts-jest-transformer] (WARN) Define 
`ts-jest` config under `globals` is deprecated. Please do
At C:\Program Files\nodejs\npx.ps1:29 char:3
+   & $NODE_EXE $NPX_CLI_JS $args
+   ~~~~~~~~~~~~~~~~~~~~~~~~~~~~~
    + CategoryInfo          : NotSpecified: (ts-jest[ts-jest.. 
   .ated. Please do:String) [], RemoteException
    + FullyQualifiedErrorId : NativeCommandError
 
transform: {
    <transform_regex>: ['ts-jest', { /* ts-jest config goes 
here in Jest */ }],
},
See more at https://kulshekhar.github.io/ts-jest/docs/getting-s
tarted/presets#advanced
PASS tests/smoke.test.ts (8.298 s)
  smoke
    ΓêÜ passes (5 ms)

Test Suites: 1 passed, 1 total
Tests:       1 passed, 1 total
Snapshots:   0 total
Time:        9.072 s
Ran all test suites matching /tests\\smoke.test.ts/i.
